// Jest Snapshot v1, https://goo.gl/fbAQLP

exports[`error(...args) 1`] = `
Object {
  "calls": Array [
    Array [],
    Array [
      [Error: MOCK_ERROR_MSG_1],
    ],
    Array [
      "MOCK_ERROR_MSG_2",
    ],
    Array [
      "MOCK_ERROR_MSG_3",
      "MOCK_ERROR_MSG_4",
    ],
  ],
  "instances": Array [
    BufferedConsole {
      "_buffer": Array [],
      "assert": [Function],
      "clear": [Function],
      "count": [Function],
      "countReset": [Function],
      "debug": [Function],
      "dir": [Function],
      "dirxml": [Function],
      "error": [Function],
      "group": [Function],
      "groupCollapsed": [Function],
      "groupEnd": [Function],
      "info": [Function],
      "log": [Function],
      "time": [Function],
      "timeEnd": [Function],
      "trace": [Function],
      "warn": [Function],
      Symbol(counts): Map {},
      Symbol(groupIndent): "",
    },
    BufferedConsole {
      "_buffer": Array [],
      "assert": [Function],
      "clear": [Function],
      "count": [Function],
      "countReset": [Function],
      "debug": [Function],
      "dir": [Function],
      "dirxml": [Function],
      "error": [Function],
      "group": [Function],
      "groupCollapsed": [Function],
      "groupEnd": [Function],
      "info": [Function],
      "log": [Function],
      "time": [Function],
      "timeEnd": [Function],
      "trace": [Function],
      "warn": [Function],
      Symbol(counts): Map {},
      Symbol(groupIndent): "",
    },
    BufferedConsole {
      "_buffer": Array [],
      "assert": [Function],
      "clear": [Function],
      "count": [Function],
      "countReset": [Function],
      "debug": [Function],
      "dir": [Function],
      "dirxml": [Function],
      "error": [Function],
      "group": [Function],
      "groupCollapsed": [Function],
      "groupEnd": [Function],
      "info": [Function],
      "log": [Function],
      "time": [Function],
      "timeEnd": [Function],
      "trace": [Function],
      "warn": [Function],
      Symbol(counts): Map {},
      Symbol(groupIndent): "",
    },
    BufferedConsole {
      "_buffer": Array [],
      "assert": [Function],
      "clear": [Function],
      "count": [Function],
      "countReset": [Function],
      "debug": [Function],
      "dir": [Function],
      "dirxml": [Function],
      "error": [Function],
      "group": [Function],
      "groupCollapsed": [Function],
      "groupEnd": [Function],
      "info": [Function],
      "log": [Function],
      "time": [Function],
      "timeEnd": [Function],
      "trace": [Function],
      "warn": [Function],
      Symbol(counts): Map {},
      Symbol(groupIndent): "",
    },
  ],
}
`;
