// Jest Snapshot v1, https://goo.gl/fbAQLP

exports[`printBuffer(buffer) 1`] = `
"00000000
00000001
00000010
00000011
00000100
00000101
00000110
00000111
00001000
00001001
00001010
00001011
00001100
00001101
00000000
00000001
01111110
01111111
10000000
10000001
10000010
11111101
11111110
11111111
00000000
00000001
00000010
00000011
00000100
00000101
00000110"
`;
